// Jest Snapshot v1, https://goo.gl/fbAQLP

exports[`addAPIData 1`] = `
Object {
  "payload": Object {
    "description": "U.S. Attorney Chuck Rhoades goes after hedge fund king, Bobby \\"Axe\\" Axelrod in a battle between two powerful New York figures.",
    "imdbID": "tt4270492",
    "poster": "b.jpg",
    "rating": "8.5",
    "title": "Billions",
    "trailer": "_raEUMLL-ZI",
    "year": "2016â€“",
  },
  "type": "ADD_API_DATA",
}
`;

exports[`setSearchTerm 1`] = `
Object {
  "payload": "New York",
  "type": "SET_SEARCH_TERM",
}
`;
